[     183ms] Error: Minified React error #418; visit https://reactjs.org/docs/error-decoder.html?invariant=418 for the full message or use the non-minified dev environment for full errors and additional helpful warnings.
    at sl (https://www.palantir.com/_next/static/chunks/framework-f0f0691023e810af.js:1:117943)
    at Si (https://www.palantir.com/_next/static/chunks/framework-f0f0691023e810af.js:1:191576)
    at ys (https://www.palantir.com/_next/static/chunks/framework-f0f0691023e810af.js:1:178818)
    at gs (https://www.palantir.com/_next/static/chunks/framework-f0f0691023e810af.js:1:178746)
    at ms (https://www.palantir.com/_next/static/chunks/framework-f0f0691023e810af.js:1:178609)
    at rs (https://www.palantir.com/_next/static/chunks/framework-f0f0691023e810af.js:1:173713)
    at S (https://www.palantir.com/_next/static/chunks/framework-f0f0691023e810af.js:1:208227)
    at MessagePort.R (https://www.palantir.com/_next/static/chunks/framework-f0f0691023e810af.js:1:208761)
[     183ms] Error: Minified React error #418; visit https://reactjs.org/docs/error-decoder.html?invariant=418 for the full message or use the non-minified dev environment for full errors and additional helpful warnings.
    at sl (https://www.palantir.com/_next/static/chunks/framework-f0f0691023e810af.js:1:117943)
    at Si (https://www.palantir.com/_next/static/chunks/framework-f0f0691023e810af.js:1:191576)
    at ys (https://www.palantir.com/_next/static/chunks/framework-f0f0691023e810af.js:1:178818)
    at gs (https://www.palantir.com/_next/static/chunks/framework-f0f0691023e810af.js:1:178746)
    at ms (https://www.palantir.com/_next/static/chunks/framework-f0f0691023e810af.js:1:178609)
    at rs (https://www.palantir.com/_next/static/chunks/framework-f0f0691023e810af.js:1:173713)
    at S (https://www.palantir.com/_next/static/chunks/framework-f0f0691023e810af.js:1:208227)
    at MessagePort.R (https://www.palantir.com/_next/static/chunks/framework-f0f0691023e810af.js:1:208761)
[     183ms] Error: Minified React error #418; visit https://reactjs.org/docs/error-decoder.html?invariant=418 for the full message or use the non-minified dev environment for full errors and additional helpful warnings.
    at sl (https://www.palantir.com/_next/static/chunks/framework-f0f0691023e810af.js:1:117943)
    at Si (https://www.palantir.com/_next/static/chunks/framework-f0f0691023e810af.js:1:191576)
    at ys (https://www.palantir.com/_next/static/chunks/framework-f0f0691023e810af.js:1:178818)
    at gs (https://www.palantir.com/_next/static/chunks/framework-f0f0691023e810af.js:1:178746)
    at ms (https://www.palantir.com/_next/static/chunks/framework-f0f0691023e810af.js:1:178609)
    at rs (https://www.palantir.com/_next/static/chunks/framework-f0f0691023e810af.js:1:173713)
    at S (https://www.palantir.com/_next/static/chunks/framework-f0f0691023e810af.js:1:208227)
    at MessagePort.R (https://www.palantir.com/_next/static/chunks/framework-f0f0691023e810af.js:1:208761)
[     183ms] Error: Minified React error #418; visit https://reactjs.org/docs/error-decoder.html?invariant=418 for the full message or use the non-minified dev environment for full errors and additional helpful warnings.
    at sl (https://www.palantir.com/_next/static/chunks/framework-f0f0691023e810af.js:1:117943)
    at Si (https://www.palantir.com/_next/static/chunks/framework-f0f0691023e810af.js:1:191576)
    at ys (https://www.palantir.com/_next/static/chunks/framework-f0f0691023e810af.js:1:178818)
    at gs (https://www.palantir.com/_next/static/chunks/framework-f0f0691023e810af.js:1:178746)
    at ms (https://www.palantir.com/_next/static/chunks/framework-f0f0691023e810af.js:1:178609)
    at rs (https://www.palantir.com/_next/static/chunks/framework-f0f0691023e810af.js:1:173713)
    at S (https://www.palantir.com/_next/static/chunks/framework-f0f0691023e810af.js:1:208227)
    at MessagePort.R (https://www.palantir.com/_next/static/chunks/framework-f0f0691023e810af.js:1:208761)
[     183ms] Error: Minified React error #418; visit https://reactjs.org/docs/error-decoder.html?invariant=418 for the full message or use the non-minified dev environment for full errors and additional helpful warnings.
    at sl (https://www.palantir.com/_next/static/chunks/framework-f0f0691023e810af.js:1:117943)
    at Si (https://www.palantir.com/_next/static/chunks/framework-f0f0691023e810af.js:1:191576)
    at ys (https://www.palantir.com/_next/static/chunks/framework-f0f0691023e810af.js:1:178818)
    at gs (https://www.palantir.com/_next/static/chunks/framework-f0f0691023e810af.js:1:178746)
    at ms (https://www.palantir.com/_next/static/chunks/framework-f0f0691023e810af.js:1:178609)
    at rs (https://www.palantir.com/_next/static/chunks/framework-f0f0691023e810af.js:1:173713)
    at S (https://www.palantir.com/_next/static/chunks/framework-f0f0691023e810af.js:1:208227)
    at MessagePort.R (https://www.palantir.com/_next/static/chunks/framework-f0f0691023e810af.js:1:208761)
[     183ms] Error: Minified React error #418; visit https://reactjs.org/docs/error-decoder.html?invariant=418 for the full message or use the non-minified dev environment for full errors and additional helpful warnings.
    at sl (https://www.palantir.com/_next/static/chunks/framework-f0f0691023e810af.js:1:117943)
    at Si (https://www.palantir.com/_next/static/chunks/framework-f0f0691023e810af.js:1:191576)
    at ys (https://www.palantir.com/_next/static/chunks/framework-f0f0691023e810af.js:1:178818)
    at gs (https://www.palantir.com/_next/static/chunks/framework-f0f0691023e810af.js:1:178746)
    at ms (https://www.palantir.com/_next/static/chunks/framework-f0f0691023e810af.js:1:178609)
    at rs (https://www.palantir.com/_next/static/chunks/framework-f0f0691023e810af.js:1:173713)
    at S (https://www.palantir.com/_next/static/chunks/framework-f0f0691023e810af.js:1:208227)
    at MessagePort.R (https://www.palantir.com/_next/static/chunks/framework-f0f0691023e810af.js:1:208761)
[     183ms] Error: Minified React error #418; visit https://reactjs.org/docs/error-decoder.html?invariant=418 for the full message or use the non-minified dev environment for full errors and additional helpful warnings.
    at sl (https://www.palantir.com/_next/static/chunks/framework-f0f0691023e810af.js:1:117943)
    at Si (https://www.palantir.com/_next/static/chunks/framework-f0f0691023e810af.js:1:191576)
    at ys (https://www.palantir.com/_next/static/chunks/framework-f0f0691023e810af.js:1:178818)
    at gs (https://www.palantir.com/_next/static/chunks/framework-f0f0691023e810af.js:1:178746)
    at ms (https://www.palantir.com/_next/static/chunks/framework-f0f0691023e810af.js:1:178609)
    at rs (https://www.palantir.com/_next/static/chunks/framework-f0f0691023e810af.js:1:173713)
    at S (https://www.palantir.com/_next/static/chunks/framework-f0f0691023e810af.js:1:208227)
    at MessagePort.R (https://www.palantir.com/_next/static/chunks/framework-f0f0691023e810af.js:1:208761)
[     183ms] Error: Minified React error #418; visit https://reactjs.org/docs/error-decoder.html?invariant=418 for the full message or use the non-minified dev environment for full errors and additional helpful warnings.
    at sl (https://www.palantir.com/_next/static/chunks/framework-f0f0691023e810af.js:1:117943)
    at Si (https://www.palantir.com/_next/static/chunks/framework-f0f0691023e810af.js:1:191576)
    at ys (https://www.palantir.com/_next/static/chunks/framework-f0f0691023e810af.js:1:178818)
    at gs (https://www.palantir.com/_next/static/chunks/framework-f0f0691023e810af.js:1:178746)
    at ms (https://www.palantir.com/_next/static/chunks/framework-f0f0691023e810af.js:1:178609)
    at rs (https://www.palantir.com/_next/static/chunks/framework-f0f0691023e810af.js:1:173713)
    at S (https://www.palantir.com/_next/static/chunks/framework-f0f0691023e810af.js:1:208227)
    at MessagePort.R (https://www.palantir.com/_next/static/chunks/framework-f0f0691023e810af.js:1:208761)
[     183ms] Error: Minified React error #418; visit https://reactjs.org/docs/error-decoder.html?invariant=418 for the full message or use the non-minified dev environment for full errors and additional helpful warnings.
    at sl (https://www.palantir.com/_next/static/chunks/framework-f0f0691023e810af.js:1:117943)
    at Si (https://www.palantir.com/_next/static/chunks/framework-f0f0691023e810af.js:1:191576)
    at ys (https://www.palantir.com/_next/static/chunks/framework-f0f0691023e810af.js:1:178818)
    at gs (https://www.palantir.com/_next/static/chunks/framework-f0f0691023e810af.js:1:178746)
    at ms (https://www.palantir.com/_next/static/chunks/framework-f0f0691023e810af.js:1:178609)
    at rs (https://www.palantir.com/_next/static/chunks/framework-f0f0691023e810af.js:1:173713)
    at S (https://www.palantir.com/_next/static/chunks/framework-f0f0691023e810af.js:1:208227)
    at MessagePort.R (https://www.palantir.com/_next/static/chunks/framework-f0f0691023e810af.js:1:208761)
[     183ms] Error: Minified React error #418; visit https://reactjs.org/docs/error-decoder.html?invariant=418 for the full message or use the non-minified dev environment for full errors and additional helpful warnings.
    at sl (https://www.palantir.com/_next/static/chunks/framework-f0f0691023e810af.js:1:117943)
    at Si (https://www.palantir.com/_next/static/chunks/framework-f0f0691023e810af.js:1:191576)
    at ys (https://www.palantir.com/_next/static/chunks/framework-f0f0691023e810af.js:1:178818)
    at gs (https://www.palantir.com/_next/static/chunks/framework-f0f0691023e810af.js:1:178746)
    at ms (https://www.palantir.com/_next/static/chunks/framework-f0f0691023e810af.js:1:178609)
    at rs (https://www.palantir.com/_next/static/chunks/framework-f0f0691023e810af.js:1:173713)
    at S (https://www.palantir.com/_next/static/chunks/framework-f0f0691023e810af.js:1:208227)
    at MessagePort.R (https://www.palantir.com/_next/static/chunks/framework-f0f0691023e810af.js:1:208761)
[     184ms] Error: Minified React error #418; visit https://reactjs.org/docs/error-decoder.html?invariant=418 for the full message or use the non-minified dev environment for full errors and additional helpful warnings.
    at sl (https://www.palantir.com/_next/static/chunks/framework-f0f0691023e810af.js:1:117943)
    at Si (https://www.palantir.com/_next/static/chunks/framework-f0f0691023e810af.js:1:191576)
    at ys (https://www.palantir.com/_next/static/chunks/framework-f0f0691023e810af.js:1:178818)
    at gs (https://www.palantir.com/_next/static/chunks/framework-f0f0691023e810af.js:1:178746)
    at ms (https://www.palantir.com/_next/static/chunks/framework-f0f0691023e810af.js:1:178609)
    at rs (https://www.palantir.com/_next/static/chunks/framework-f0f0691023e810af.js:1:173713)
    at S (https://www.palantir.com/_next/static/chunks/framework-f0f0691023e810af.js:1:208227)
    at MessagePort.R (https://www.palantir.com/_next/static/chunks/framework-f0f0691023e810af.js:1:208761)
[     184ms] Error: Minified React error #418; visit https://reactjs.org/docs/error-decoder.html?invariant=418 for the full message or use the non-minified dev environment for full errors and additional helpful warnings.
    at sl (https://www.palantir.com/_next/static/chunks/framework-f0f0691023e810af.js:1:117943)
    at Si (https://www.palantir.com/_next/static/chunks/framework-f0f0691023e810af.js:1:191576)
    at ys (https://www.palantir.com/_next/static/chunks/framework-f0f0691023e810af.js:1:178818)
    at gs (https://www.palantir.com/_next/static/chunks/framework-f0f0691023e810af.js:1:178746)
    at ms (https://www.palantir.com/_next/static/chunks/framework-f0f0691023e810af.js:1:178609)
    at rs (https://www.palantir.com/_next/static/chunks/framework-f0f0691023e810af.js:1:173713)
    at S (https://www.palantir.com/_next/static/chunks/framework-f0f0691023e810af.js:1:208227)
    at MessagePort.R (https://www.palantir.com/_next/static/chunks/framework-f0f0691023e810af.js:1:208761)
[     184ms] Error: Minified React error #418; visit https://reactjs.org/docs/error-decoder.html?invariant=418 for the full message or use the non-minified dev environment for full errors and additional helpful warnings.
    at sl (https://www.palantir.com/_next/static/chunks/framework-f0f0691023e810af.js:1:117943)
    at Si (https://www.palantir.com/_next/static/chunks/framework-f0f0691023e810af.js:1:191576)
    at ys (https://www.palantir.com/_next/static/chunks/framework-f0f0691023e810af.js:1:178818)
    at gs (https://www.palantir.com/_next/static/chunks/framework-f0f0691023e810af.js:1:178746)
    at ms (https://www.palantir.com/_next/static/chunks/framework-f0f0691023e810af.js:1:178609)
    at rs (https://www.palantir.com/_next/static/chunks/framework-f0f0691023e810af.js:1:173713)
    at S (https://www.palantir.com/_next/static/chunks/framework-f0f0691023e810af.js:1:208227)
    at MessagePort.R (https://www.palantir.com/_next/static/chunks/framework-f0f0691023e810af.js:1:208761)
[     184ms] Error: Minified React error #423; visit https://reactjs.org/docs/error-decoder.html?invariant=423 for the full message or use the non-minified dev environment for full errors and additional helpful warnings.
    at Si (https://www.palantir.com/_next/static/chunks/framework-f0f0691023e810af.js:1:191262)
    at ys (https://www.palantir.com/_next/static/chunks/framework-f0f0691023e810af.js:1:178818)
    at gs (https://www.palantir.com/_next/static/chunks/framework-f0f0691023e810af.js:1:178746)
    at ms (https://www.palantir.com/_next/static/chunks/framework-f0f0691023e810af.js:1:178609)
    at as (https://www.palantir.com/_next/static/chunks/framework-f0f0691023e810af.js:1:175389)
    at rs (https://www.palantir.com/_next/static/chunks/framework-f0f0691023e810af.js:1:173940)
    at S (https://www.palantir.com/_next/static/chunks/framework-f0f0691023e810af.js:1:208227)
    at MessagePort.R (https://www.palantir.com/_next/static/chunks/framework-f0f0691023e810af.js:1:208761)
